Vercel CLI 50.13.2
Retrieving project…
Deploying jets-projects-a4d2be78/dusthopper2
Uploading [--------------------] (0.0B/2.3MB)
Uploading [=====---------------] (590.9KB/2.3MB)
Uploading [==========----------] (1.2MB/2.3MB)
Uploading [===============-----] (1.7MB/2.3MB)
Uploading [====================] (2.3MB/2.3MB)
Inspect: https://vercel.com/jets-projects-a4d2be78/dusthopper2/68ELY16QNf3EmUvwgJ5ZRHuRwjBX [3s]
Production: https://dusthopper2-kn0f77871-jets-projects-a4d2be78.vercel.app [3s]
https://dusthopper2-kn0f77871-jets-projects-a4d2be78.vercel.appBuilding...
Building...
Building: Running build in Washington, D.C., USA (East) – iad1
Building: Build machine configuration: 2 cores, 8 GB
Building: Retrieving list of deployment files...
Building: Downloading 767 deployment files...
Building: Using prebuilt build artifacts from .vercel/output
Building: Learn more: https://vercel.link/build-output-api
Building: Deploying outputs...
[2K[1A[2K[GProduction: https://dusthopper2-kn0f77871-jets-projects-a4d2be78.vercel.app [23s]
Completing...
Aliased: https://dusthopper2.space [23s]
